e2e/moderation.spec.ts(5,9): error TS7034: Variable 'directorPage' implicitly has type 'any' in some locations where its type cannot be determined.
e2e/moderation.spec.ts(6,9): error TS7034: Variable 'studentPage' implicitly has type 'any' in some locations where its type cannot be determined.
e2e/moderation.spec.ts(21,15): error TS7005: Variable 'directorPage' implicitly has an 'any' type.
e2e/moderation.spec.ts(22,15): error TS7005: Variable 'directorPage' implicitly has an 'any' type.
e2e/moderation.spec.ts(23,15): error TS7005: Variable 'directorPage' implicitly has an 'any' type.
e2e/moderation.spec.ts(24,15): error TS7005: Variable 'directorPage' implicitly has an 'any' type.
e2e/moderation.spec.ts(32,26): error TS7005: Variable 'directorPage' implicitly has an 'any' type.
e2e/moderation.spec.ts(38,15): error TS7005: Variable 'directorPage' implicitly has an 'any' type.
e2e/moderation.spec.ts(39,15): error TS7005: Variable 'directorPage' implicitly has an 'any' type.
e2e/moderation.spec.ts(40,15): error TS7005: Variable 'directorPage' implicitly has an 'any' type.
e2e/moderation.spec.ts(41,15): error TS7005: Variable 'directorPage' implicitly has an 'any' type.
e2e/moderation.spec.ts(42,15): error TS7005: Variable 'directorPage' implicitly has an 'any' type.
e2e/moderation.spec.ts(46,15): error TS7005: Variable 'directorPage' implicitly has an 'any' type.
e2e/moderation.spec.ts(47,15): error TS7005: Variable 'directorPage' implicitly has an 'any' type.
e2e/moderation.spec.ts(48,15): error TS7005: Variable 'directorPage' implicitly has an 'any' type.
e2e/moderation.spec.ts(49,15): error TS7005: Variable 'directorPage' implicitly has an 'any' type.
e2e/moderation.spec.ts(52,15): error TS7005: Variable 'directorPage' implicitly has an 'any' type.
e2e/moderation.spec.ts(53,15): error TS7005: Variable 'directorPage' implicitly has an 'any' type.
e2e/moderation.spec.ts(54,15): error TS7005: Variable 'directorPage' implicitly has an 'any' type.
e2e/moderation.spec.ts(55,25): error TS7005: Variable 'directorPage' implicitly has an 'any' type.
e2e/moderation.spec.ts(64,15): error TS7005: Variable 'directorPage' implicitly has an 'any' type.
e2e/moderation.spec.ts(68,31): error TS7005: Variable 'directorPage' implicitly has an 'any' type.
e2e/moderation.spec.ts(69,56): error TS7005: Variable 'directorPage' implicitly has an 'any' type.
e2e/moderation.spec.ts(76,26): error TS7005: Variable 'studentPage' implicitly has an 'any' type.
e2e/moderation.spec.ts(82,15): error TS7005: Variable 'studentPage' implicitly has an 'any' type.
e2e/moderation.spec.ts(83,15): error TS7005: Variable 'studentPage' implicitly has an 'any' type.
e2e/moderation.spec.ts(84,15): error TS7005: Variable 'studentPage' implicitly has an 'any' type.
e2e/moderation.spec.ts(85,15): error TS7005: Variable 'studentPage' implicitly has an 'any' type.
e2e/moderation.spec.ts(86,15): error TS7005: Variable 'studentPage' implicitly has an 'any' type.
e2e/moderation.spec.ts(89,15): error TS7005: Variable 'studentPage' implicitly has an 'any' type.
e2e/moderation.spec.ts(90,15): error TS7005: Variable 'studentPage' implicitly has an 'any' type.
e2e/moderation.spec.ts(93,15): error TS7005: Variable 'studentPage' implicitly has an 'any' type.
e2e/moderation.spec.ts(96,15): error TS7005: Variable 'studentPage' implicitly has an 'any' type.
e2e/moderation.spec.ts(99,22): error TS7005: Variable 'studentPage' implicitly has an 'any' type.
e2e/moderation.spec.ts(102,15): error TS7005: Variable 'directorPage' implicitly has an 'any' type.
e2e/moderation.spec.ts(103,15): error TS7005: Variable 'directorPage' implicitly has an 'any' type.
e2e/moderation.spec.ts(104,22): error TS7005: Variable 'directorPage' implicitly has an 'any' type.
e2e/moderation.spec.ts(107,15): error TS7005: Variable 'directorPage' implicitly has an 'any' type.
e2e/moderation.spec.ts(108,15): error TS7005: Variable 'directorPage' implicitly has an 'any' type.
e2e/moderation.spec.ts(111,22): error TS7005: Variable 'directorPage' implicitly has an 'any' type.
e2e/moderation.spec.ts(114,15): error TS7005: Variable 'studentPage' implicitly has an 'any' type.
e2e/moderation.spec.ts(115,22): error TS7005: Variable 'studentPage' implicitly has an 'any' type.
e2e/moderation.spec.ts(116,22): error TS7005: Variable 'studentPage' implicitly has an 'any' type.
e2e/moderation.spec.ts(119,15): error TS7005: Variable 'directorPage' implicitly has an 'any' type.
e2e/moderation.spec.ts(120,15): error TS7005: Variable 'directorPage' implicitly has an 'any' type.
e2e/moderation.spec.ts(122,15): error TS7005: Variable 'studentPage' implicitly has an 'any' type.
e2e/moderation.spec.ts(123,22): error TS7005: Variable 'studentPage' implicitly has an 'any' type.
